docker :  Image 
wms-wms-app Building 
At line:1 char:1
+ docker compose build 
> build_output.txt 2>&1
+ ~~~~~~~~~~~~~~~~~~~~~
~~~~~~~~~~~~~~~~~~~~~~~
    + CategoryInfo     
         : NotSpecifi  
  ed: ( Image wms-wm   
 s-app Building :St    
ring) [], RemoteEx    
ception
    + FullyQualifiedEr 
   rorId : NativeComm  
  andError
 
#1 [internal] load local bake definitions
#1 reading from stdin 495B done
#1 DONE 0.0s

#2 [internal] load build definition from Dockerfile
#2 transferring dockerfile: 2.41kB 0.0s done
#2 DONE 0.0s

#3 [internal] load metadata for docker.io/library/node:20-alpine
#3 DONE 1.3s

#4 [internal] load .dockerignore
#4 transferring context: 413B done
#4 DONE 0.0s

#5 [internal] load build context
#5 DONE 0.0s

#6 [base 1/1] FROM docker.io/library/node:20-alpine@sha256:b88333c42c23fbd91596ebd7fd10de239cedab9617de04142dde7315e3bc0afa
#6 resolve docker.io/library/node:20-alpine@sha256:b88333c42c23fbd91596ebd7fd10de239cedab9617de04142dde7315e3bc0afa 0.0s done
#6 DONE 0.1s

#7 [builder 1/5] WORKDIR /app
#7 CACHED

#5 [internal] load build context
#5 transferring context: 23.75kB 0.1s done
#5 DONE 0.1s

#8 [runner  2/13] RUN apk add --no-cache openssl
#8 ...

#9 [deps 2/4] WORKDIR /app
#9 CACHED

#10 [deps 3/4] COPY package.json package-lock.json* ./
#10 CACHED

#11 [deps 4/4] RUN npm ci
#11 CACHED

#12 [deps 1/4] RUN apk add --no-cache libc6-compat
#12 CACHED

#13 [builder 2/5] COPY --from=deps /app/node_modules ./node_modules
#13 CACHED

#14 [builder 3/5] COPY . .
#14 DONE 0.4s

#8 [runner  2/13] RUN apk add --no-cache openssl
#8 ...

#15 [builder 4/5] RUN npx prisma generate
#15 2.828 warn The configuration property `package.json#prisma` is deprecated and will be removed in Prisma 7. Please migrate to a Prisma config file (e.g., `prisma.config.ts`).
#15 2.828 For more information, see: https://pris.ly/prisma-config
#15 2.828 
#15 2.829 Loaded Prisma config from prisma.config.ts.
#15 2.829 
#15 2.829 warn The Prisma config file in prisma.config.ts overrides the deprecated `package.json#prisma` property in package.json.
#15 2.829   For more information, see: https://pris.ly/prisma-config
#15 2.829 
#15 2.985 Prisma config detected, skipping environment variable loading.
#15 2.988 Prisma schema loaded from prisma/schema.prisma
#15 5.729 
#15 5.729 Γ£ö Generated Prisma Client (v6.19.2) to ./node_modules/@prisma/client in 649ms
#15 5.729 
#15 5.729 Start by importing your Prisma Client (See: https://pris.ly/d/importing-client)
#15 5.729 
#15 5.729 Tip: Need your database queries to be 1000x faster? Accelerate offers you that and more: https://pris.ly/tip-2-accelerate
#15 5.729 
#15 5.795 npm notice
#15 5.795 npm notice New major version of npm available! 10.8.2 -> 11.11.1
#15 5.795 npm notice Changelog: https://github.com/npm/cli/releases/tag/v11.11.1
#15 5.795 npm notice To update run: npm install -g npm@11.11.1
#15 5.795 npm notice
#15 DONE 5.9s

#8 [runner  2/13] RUN apk add --no-cache openssl
#8 ...

#16 [builder 5/5] RUN npm run build
#16 0.607 
#16 0.607 > wms-app@0.1.0 build
#16 0.607 > next build
#16 0.607 
#16 2.223 Γû▓ Next.js 16.1.6 (Turbopack)
#16 2.223 
#16 2.229 ΓÜá The "middleware" file convention is deprecated. Please use "proxy" instead. Learn more: https://nextjs.org/docs/messages/middleware-to-proxy
#16 2.292   Creating an optimized production build ...
#16 16.87 Γ£ô Compiled successfully in 13.6s
#16 16.89   Skipping validation of types
#16 17.20   Collecting page data using 7 workers ...
#16 19.08   Generating static pages using 7 workers (0/28) ...
#16 19.50   Generating static pages using 7 workers (7/28) 
#16 19.84   Generating static pages using 7 workers (14/28) 
#16 19.88   Generating static pages using 7 workers (21/28) 
#16 20.12 getAssetStats error: Error [PrismaClientInitializationError]: 
#16 20.12 Invalid `prisma.asset.count()` invocation:
#16 20.12 
#16 20.12 
#16 20.12 error: Environment variable not found: DATABASE_URL.
#16 20.12   -->  schema.prisma:7
#16 20.12    | 
#16 20.12  6 |   provider = "mysql"
#16 20.12  7 |   url      = env("DATABASE_URL")
#16 20.12    | 
#16 20.12 
#16 20.12 Validation Error Count: 1
#16 20.12     at <unknown> (-->  schema.prisma:7)
#16 20.12     at async e (.next/server/chunks/ssr/[root-of-the-server]__e6355e32._.js:1:10947) {
#16 20.12   clientVersion: '6.19.2',
#16 20.12   errorCode: undefined,
#16 20.12   retryable: undefined
#16 20.12 }
#16 20.20 Γ£ô Generating static pages using 7 workers (28/28) in 1116.3ms
#16 20.22   Finalizing page optimization ...
#16 21.34 
#16 21.35 Route (app)
#16 21.35 Γöî ╞Æ /
#16 21.35 Γö£ Γùï /_not-found
#16 21.35 Γö£ ╞Æ /api/assets/maintenance
#16 21.35 Γö£ ╞Æ /api/assets/maintenance/[id]
#16 21.35 Γö£ ╞Æ /api/assets/return
#16 21.35 Γö£ ╞Æ /api/assets/scan-by-sn
#16 21.35 Γö£ ╞Æ /api/auth/[...nextauth]
#16 21.35 Γö£ ╞Æ /api/deploy/scan
#16 21.35 Γö£ ╞Æ /api/deploy/submit
#16 21.35 Γö£ ╞Æ /api/health
#16 21.35 Γö£ ╞Æ /api/notifications
#16 21.35 Γö£ ╞Æ /assets
#16 21.35 Γö£ ╞Æ /assets/[id]
#16 21.35 Γö£ ╞Æ /assets/maintenance
#16 21.35 Γö£ Γùï /damaged
#16 21.35 Γö£ Γùï /dashboard
#16 21.35 Γö£ Γùï /dashboard/technician/deploy
#16 21.35 Γö£ Γùï /dashboard/technician/return
#16 21.35 Γö£ Γùï /inbound
#16 21.35 Γö£ Γùï /login
#16 21.35 Γö£ ╞Æ /master
#16 21.35 Γö£ Γùï /master/categories
#16 21.35 Γö£ Γùï /master/items
#16 21.35 Γö£ ╞Æ /master/items/[id]
#16 21.35 Γö£ ╞Æ /master/sn/[id]
#16 21.35 Γö£ ╞Æ /master/users
#16 21.35 Γö£ Γùï /outbound
#16 21.35 Γö£ Γùï /pop
#16 21.35 Γö£ Γùï /reports
#16 21.35 Γö£ ╞Æ /stock
#16 21.35 Γö£ Γùï /stock/warehouse
#16 21.35 Γö£ ╞Æ /stock/warehouse/[id]
#16 21.35 Γö£ Γùï /tracking
#16 21.35 Γöö Γùï /transfer
#16 21.35 
#16 21.35 
#16 21.35 ╞Æ Proxy (Middleware)
#16 21.35 
#16 21.35 Γùï  (Static)   prerendered as static content
#16 21.35 ╞Æ  (Dynamic)  server-rendered on demand
#16 21.35 
#16 DONE 21.9s

#8 [runner  2/13] RUN apk add --no-cache openssl
#8 500.6 (1/1) Installing openssl (3.5.5-r0)
#8 547.1 Executing busybox-1.37.0-r30.trigger
#8 547.2 OK: 11.7 MiB in 19 packages
#8 DONE 547.3s

#17 [runner  3/13] RUN addgroup --system --gid 1001 nodejs &&     adduser  --system --uid 1001 nextjs
#17 DONE 0.6s

#18 [runner  4/13] COPY --from=builder /app/public ./public
#18 DONE 0.1s

#19 [runner  5/13] RUN mkdir .next && chown nextjs:nodejs .next
#19 DONE 0.4s

#20 [runner  6/13] COPY --from=builder --chown=nextjs:nodejs /app/.next/standalone ./
#20 DONE 1.8s

#21 [runner  7/13] COPY --from=builder --chown=nextjs:nodejs /app/.next/static    ./.next/static
#21 DONE 0.2s

#22 [runner  8/13] COPY --from=builder --chown=nextjs:nodejs /app/prisma                ./prisma
#22 DONE 0.1s

#23 [runner  9/13] COPY --from=builder --chown=nextjs:nodejs /app/node_modules/.prisma  ./node_modules/.prisma
#23 DONE 0.4s

#24 [runner 10/13] COPY --from=builder --chown=nextjs:nodejs /app/node_modules/@prisma  ./node_modules/@prisma
#24 DONE 0.8s

#25 [runner 11/13] COPY --from=builder --chown=nextjs:nodejs /app/node_modules/prisma   ./node_modules/prisma
#25 DONE 0.6s

#26 [runner 12/13] COPY --chown=nextjs:nodejs entrypoint.sh ./entrypoint.sh
#26 DONE 0.1s

#27 [runner 13/13] RUN apk add --no-cache dos2unix &&     dos2unix ./entrypoint.sh &&     chmod +x ./entrypoint.sh
#27 1.224 (1/1) Installing dos2unix (7.5.3-r0)
#27 1.248 Executing busybox-1.37.0-r30.trigger
#27 1.264 OK: 11.7 MiB in 20 packages
#27 1.331 dos2unix: converting file ./entrypoint.sh to Unix format...
#27 DONE 1.4s

#28 exporting to image
#28 exporting layers
#28 exporting layers 10.5s done
#28 exporting manifest sha256:4f7380a05ec0263857c3c659a3a004394155fa595df5f2f1dde41505cf9a2a55 0.0s done
#28 exporting config sha256:9f2e11d73e06f8c2a49d222aca2cdd4694bbfc0c80fc4a9d8312267cee4cdc27 0.0s done
#28 exporting attestation manifest sha256:b22680f361ad84204e5293f52d3740db28e59fc810e296f23f7fba357aaa32c5
#28 exporting attestation manifest sha256:b22680f361ad84204e5293f52d3740db28e59fc810e296f23f7fba357aaa32c5 0.1s done
#28 exporting manifest list sha256:8d7731c9f0f2ad069b95e4fd49a80432370dc34dd2644f7c2a78078ebf51f2e7 0.0s done
#28 naming to docker.io/library/wms-wms-app:latest
#28 naming to docker.io/library/wms-wms-app:latest done
#28 unpacking to docker.io/library/wms-wms-app:latest
#28 unpacking to docker.io/library/wms-wms-app:latest 5.2s done
#28 DONE 16.0s

#29 resolving provenance for metadata file
#29 DONE 0.0s
 Image wms-wms-app 
Built 
